---
source: crates/orchestra-tui/tests/screens.rs
assertion_line: 1771
expression: "draw(&app, 80, 24)"
---
⚑ 3 à toi [!]  1 Tableau  2  3  4  5  6  7  8  9                                
┌ Projets ─────────────────────────────────────────────────────────────────────┐
│◆ Tous les projets                                                            │
│aucun projet                                                                  │
│                                                                              │
└──────────────────────────────────────────────────────────────────────────────┘
┌ À faire (1) ─────┐┌ En cours (1) ────┐┌ À relire (2) ────┐┌ Fusionné ────────┐
│#1 équipe proposée││#2 au travail     ││#3 branche refusée││                  │
│  ▶ équipe à reli…││                  ││  ⚑ fusion bloquée││                  │
│                  ││                  ││                  ││                  │
│                  ││                  ││#4 relu sans défa…││                  │
│                  ││                  ││  ▶ prêt à intégr…││                  │
│                  ││                  ││                  ││                  │
│                  ││                  ││                  ││                  │
│                  ││                  ││                  ││                  │
│                  ││                  ││                  ││                  │
│                  ││                  ││                  ││                  │
└──────────────────┘└──────────────────┘└──────────────────┘└──────────────────┘
┌ Activité ────────────────────────────────────────────────────────────────────┐
│en attente d'activité…                                                        │
│                                                                              │
└──────────────────────────────────────────────────────────────────────────────┘
[Entrée] voir ses tickets  [j/k] changer de projet  [d] oublier …  │  [?] aide  
● orchestra  connexion au daemon…             0 msg · 0 tokens · ≈$- (indicatif)
