---
source: crates/orchestra-tui/tests/screens.rs
expression: "draw(&app, 120, 40)"
---
⚑ 3 à toi [!]  1 Tableau  2  3  4  5  6  7  8                                                                           
┌ Projets ───────────┐┌ À faire (1) ──────────┐┌ En cours (1) ────────┐┌ À relire (2) ─────────┐┌ Fusionné ────────────┐
│◆ Tous les projets  ││#1 équipe proposée     ││#2 au travail         ││#3 branche refusée     ││                      │
│aucun projet        ││  ▶ équipe à relire    ││                      ││  ⚑ fusion bloquée     ││                      │
│                    ││                       ││                      ││                       ││                      │
│                    ││                       ││                      ││#4 relu sans défaut    ││                      │
│                    ││                       ││                      ││  ▶ prêt à intégrer    ││                      │
│                    ││                       ││                      ││                       ││                      │
│                    ││                       ││                      ││                       ││                      │
│                    ││                       ││                      ││                       ││                      │
│                    ││                       ││                      ││                       ││                      │
│                    ││                       ││                      ││                       ││                      │
│                    ││                       ││                      ││                       ││                      │
│                    ││                       ││                      ││                       ││                      │
│                    ││                       ││                      ││                       ││                      │
│                    ││                       ││                      ││                       ││                      │
│                    ││                       ││                      ││                       ││                      │
│                    ││                       ││                      ││                       ││                      │
│                    ││                       ││                      ││                       ││                      │
│                    ││                       ││                      ││                       ││                      │
│                    ││                       ││                      ││                       ││                      │
│                    ││                       ││                      ││                       ││                      │
│                    ││                       ││                      ││                       ││                      │
│                    ││                       ││                      ││                       ││                      │
│                    ││                       ││                      ││                       ││                      │
│                    ││                       ││                      ││                       ││                      │
│                    ││                       ││                      ││                       ││                      │
│                    ││                       ││                      ││                       ││                      │
│                    ││                       ││                      ││                       ││                      │
│                    ││                       ││                      ││                       ││                      │
└────────────────────┘└───────────────────────┘└──────────────────────┘└───────────────────────┘└──────────────────────┘
┌ Activité ────────────────────────────────────────────────────────────────────────────────────────────────────────────┐
│en attente d'activité…                                                                                                │
│                                                                                                                      │
│                                                                                                                      │
│                                                                                                                      │
│                                                                                                                      │
└──────────────────────────────────────────────────────────────────────────────────────────────────────────────────────┘
[Entrée] voir ses tickets  [j/k] changer de projet  [d] oublier  [n] nouveau ticket  │  [!] à toi (3)  [?] aide         
● orchestra  connexion au daemon…                                                     0 msg · 0 tokens · ≈$- (indicatif)
