---
source: crates/orchestra-tui/tests/screens.rs
assertion_line: 1784
expression: "draw(&app, 120, 40)"
---
 1  2  3  4  5  6 Équipe  7  8  9                                                                                       
┌ Proposition ─────────────────────────────────────────────────────────────────────────────────────────────────────────┐
│ordre : architect  →  backend                                                                                         │
│Deux rôles suffisent pour ce cache.                                                                                   │
└──────────────────────────────────────────────────────────────────────────────────────────────────────────────────────┘
┌ Équipe ──────────────────────────────────────────────────────────────────────────────────────────────────────────────┐
│rôle                                             modèle     effort    dépend de                                       │
│architect                                        défaut     défaut    -                                               │
│backend                                          défaut     défaut    architect                                       │
│                                                                                                                      │
│                                                                                                                      │
│                                                                                                                      │
│                                                                                                                      │
│                                                                                                                      │
│                                                                                                                      │
│                                                                                                                      │
│                                                                                                                      │
│                                                                                                                      │
│                                                                                                                      │
│                                                                                                                      │
│                                                                                                                      │
│                                                                                                                      │
│                                                                                                                      │
│                                                                                                                      │
│                                                                                                                      │
│                                                                                                                      │
└──────────────────────────────────────────────────────────────────────────────────────────────────────────────────────┘
┌ Objectif — « e » le réécrire, « c » ses critères ────────────────────────────────────────────────────────────────────┐
│objectif détaillé de architect                                                                                        │
│                                                                                                                      │
└──────────────────────────────────────────────────────────────────────────────────────────────────────────────────────┘
┌ Activité ────────────────────────────────────────────────────────────────────────────────────────────────────────────┐
│en attente d'activité…                                                                                                │
│                                                                                                                      │
│                                                                                                                      │
│                                                                                                                      │
│                                                                                                                      │
└──────────────────────────────────────────────────────────────────────────────────────────────────────────────────────┘
[y] accepter l'équipe  [e] objectif  [c] critères  [m] modèle  [E] effort  [a] ajouter  [d] retirer …  │  [?] aide      
● orchestra  connexion au daemon…                                                     0 msg · 0 tokens · ≈$- (indicatif)
