---
source: crates/orchestra-tui/tests/screens.rs
expression: "draw(&app, 100, 30)"
---
 1  2  3  4  5  6  7  8  9 Épopées                                                                  
┌ Découpage — paiements ───────────────────────────────────────────────────────────────────────────┐
│ordre : 1  →  2  →  3                                                                             │
│trois temps                                                                                       │
└──────────────────────────────────────────────────────────────────────────────────────────────────┘
┌ Tickets proposés ────────────────────────────────────────────────────────────────────────────────┐
│1. schéma                                                                                         │
│2. api  ⛓ après 1                                                                                 │
│3. écran  ⛓ après 2                                                                               │
│                                                                                                  │
│                                                                                                  │
│                                                                                                  │
└──────────────────────────────────────────────────────────────────────────────────────────────────┘
┌ Brief — « e » le réécrire ───────────────────────────────────────────────────────────────────────┐
│livrer schéma                                                                                     │
│fini quand :                                                                                      │
│  ☐ schéma fusionné                                                                               │
│                                                                                                  │
│                                                                                                  │
│                                                                                                  │
└──────────────────────────────────────────────────────────────────────────────────────────────────┘
┌ Activité ────────────────────────────────────────────────────────────────────────────────────────┐
│en attente d'activité…                                                                            │
│                                                                                                  │
│                                                                                                  │
│                                                                                                  │
│                                                                                                  │
└──────────────────────────────────────────────────────────────────────────────────────────────────┘
[y] accepter le découpage  [e] réécrire le brief  [d] retirer  [p] redécouper  │  [?] aide          
● orchestra  connexion au daemon…                                 0 msg · 0 tokens · ≈$- (indicatif)
